2026-09-29 09:37:48  ===== 자동 갱신 시작 =====
    
    팀 시트에서 초록 칸(= 기획자 검수 완료)을 읽습니다.
    ------------------------------------------------------------------------
    0단원  아티클   5 · 검수 완료   5   0. 프롤로그  과학이란 무엇인가 — 자연을 읽는 언어
    1단원  아티클  12 · 검수 완료  12   1.  빅뱅 — 우주의 시작
    2단원  아티클   7 · 검수 완료   7   2. 별 — 원소를 만드는 공장
    3단원  아티클  14 · 검수 완료  14   3. 물질 — 원자가 만드는 세계
    4단원  아티클  15 · 검수 완료  15   4. 힘과 에너지 — 변화의 법칙
    5단원  아티클   9 · 검수 완료   0   5. 빛과 전자기 — 정보의 언어
    6단원  아티클  18 · 검수 완료   1   6. 지구 — 살아 있는 행성
    7단원  아티클  42 · 검수 완료   9   7. 생명 — 진화하는 정보
    8단원  아티클   6 · 검수 완료   0   8. 에필로그 우리의 미래 — 138억 년의 다음 장
    ------------------------------------------------------------------------
    합계    아티클 128 · 검수 완료  63
    
    저장: 산출물\검수완료_시트.json
    이어서 대시보드를 갱신하세요:  node "산출물/도구/build-dashboard.js"
2026-09-29 09:38:16  시트 읽기 성공
    STORY 퀴즈 — 대시보드 새로고침
      프로젝트: C:\Users\김재민\Desktop\STORY 퀴즈\STORY퀴즈_이관패키지
    ![주의] 검수용 CSV가 없어 링크를 뺐습니다: 05_빛과전자기_측광과분광.csv
    ✓ 검수용 CSV 링크 126개 연결 (퀴즈데이터 127건, CSV 없음 1건)
       대단원이 아닌 CSV 1건은 집계에서 제외: 퀴즈샘플_260831.csv
    ✓ 퀴즈제작현황_대시보드_v2.html 생성 (집계 2026-09-29)
      아티클 128 · 전체 문항 896 · 만든 문항 896 (대단원 CSV 반영 889) · 완료 아티클 128 · 대기 원고 9
      분과별 생명 36 · 화학 29 · 물리 26 · 천문 19 · 지구환경 18
    ✓ CSV 반영 아티클 127건 = 퀴즈데이터와 일치 (문제·예문·정답해설)
    ✓ 검수용 CSV 126건 = 퀴즈데이터 JSON과 같은 문항
2026-09-29 09:38:16  대시보드 생성 완료
